../Middlewares/ST/touchgfx/framework/include/touchgfx/Drawable.hpp:343:10:void touchgfx::Drawable::setXY(int16_t, int16_t)	16	static
../Middlewares/ST/touchgfx/framework/include/touchgfx/Screen.hpp:104:18:virtual void touchgfx::Screen::afterTransition()	16	static
../Middlewares/ST/touchgfx/framework/include/touchgfx/Screen.hpp:115:18:virtual void touchgfx::Screen::tearDownScreen()	16	static
../Middlewares/ST/touchgfx/framework/include/touchgfx/Screen.hpp:144:18:virtual void touchgfx::Screen::handleTickEvent()	16	static
../Middlewares/ST/touchgfx/framework/include/touchgfx/Screen.hpp:154:18:virtual void touchgfx::Screen::handleKeyEvent(uint8_t)	16	static
../Middlewares/ST/touchgfx/framework/include/touchgfx/TypedText.hpp:59:5:touchgfx::TypedText::TypedText(touchgfx::TypedTextId)	16	static
../Middlewares/ST/touchgfx/framework/include/touchgfx/TypedText.hpp:65:13:touchgfx::TypedText::~TypedText()	16	static
../Middlewares/ST/touchgfx/framework/include/touchgfx/TypedText.hpp:65:13:virtual touchgfx::TypedText::~TypedText()	16	static
../Middlewares/ST/touchgfx/framework/include/touchgfx/widgets/TextAreaWithWildcard.hpp:79:10:void touchgfx::TextAreaWithOneWildcard::setWildcard1(const touchgfx::Unicode::UnicodeChar*)	16	static
../Middlewares/ST/touchgfx/framework/include/touchgfx/widgets/TextAreaWithWildcard.hpp:98:10:void touchgfx::TextAreaWithOneWildcard::setWildcard(const touchgfx::Unicode::UnicodeChar*)	16	static
../TouchGFX/generated/gui_generated/include/gui_generated/code_numerique_screen/Code_numeriqueViewBase.hpp:90:26:FrontendApplication& Code_numeriqueViewBase::application()	16	static
../TouchGFX/gui/include/gui/code_numerique_screen/Code_numeriqueView.hpp:11:13:Code_numeriqueView::~Code_numeriqueView()	16	static
../TouchGFX/gui/include/gui/code_numerique_screen/Code_numeriqueView.hpp:11:13:virtual Code_numeriqueView::~Code_numeriqueView()	16	static
../TouchGFX/gui/src/code_numerique_screen/Code_numeriqueView.cpp:7:1:Code_numeriqueView::Code_numeriqueView()	104	static
../TouchGFX/gui/src/code_numerique_screen/Code_numeriqueView.cpp:76:6:virtual void Code_numeriqueView::setupScreen()	16	static
../TouchGFX/gui/src/code_numerique_screen/Code_numeriqueView.cpp:81:6:virtual void Code_numeriqueView::tearDownScreen()	16	static
../TouchGFX/gui/src/code_numerique_screen/Code_numeriqueView.cpp:86:6:void Code_numeriqueView::affichageNumero()	80	static
../TouchGFX/gui/src/code_numerique_screen/Code_numeriqueView.cpp:115:6:virtual void Code_numeriqueView::bouton_retour()	16	static
../TouchGFX/gui/src/code_numerique_screen/Code_numeriqueView.cpp:136:6:virtual void Code_numeriqueView::bouton_valider()	48	static
../TouchGFX/gui/src/code_numerique_screen/Code_numeriqueView.cpp:209:6:virtual void Code_numeriqueView::bouton_valider_modal_window()	16	static
../TouchGFX/gui/src/code_numerique_screen/Code_numeriqueView.cpp:217:6:virtual void Code_numeriqueView::bouton_supprimer()	16	static
../TouchGFX/gui/src/code_numerique_screen/Code_numeriqueView.cpp:227:6:virtual void Code_numeriqueView::bouton_0()	24	static
../TouchGFX/gui/src/code_numerique_screen/Code_numeriqueView.cpp:243:6:virtual void Code_numeriqueView::bouton_1()	24	static
../TouchGFX/gui/src/code_numerique_screen/Code_numeriqueView.cpp:259:6:virtual void Code_numeriqueView::bouton_2()	24	static
../TouchGFX/gui/src/code_numerique_screen/Code_numeriqueView.cpp:275:6:virtual void Code_numeriqueView::bouton_3()	24	static
../TouchGFX/gui/src/code_numerique_screen/Code_numeriqueView.cpp:291:6:virtual void Code_numeriqueView::bouton_4()	24	static
../TouchGFX/gui/src/code_numerique_screen/Code_numeriqueView.cpp:307:6:virtual void Code_numeriqueView::bouton_5()	24	static
../TouchGFX/gui/src/code_numerique_screen/Code_numeriqueView.cpp:323:6:virtual void Code_numeriqueView::bouton_6()	24	static
../TouchGFX/gui/src/code_numerique_screen/Code_numeriqueView.cpp:339:6:virtual void Code_numeriqueView::bouton_7()	24	static
../TouchGFX/gui/src/code_numerique_screen/Code_numeriqueView.cpp:355:6:virtual void Code_numeriqueView::bouton_8()	24	static
../TouchGFX/gui/src/code_numerique_screen/Code_numeriqueView.cpp:371:6:virtual void Code_numeriqueView::bouton_9()	24	static
../TouchGFX/gui/src/code_numerique_screen/Code_numeriqueView.cpp:387:6:virtual void Code_numeriqueView::changeStatutPAC(S_STATUT_PAC*)	16	static
../TouchGFX/gui/src/code_numerique_screen/Code_numeriqueView.cpp:398:6:virtual void Code_numeriqueView::changeStatutEther(S_CYC_ETHER_III*)	16	static
../TouchGFX/gui/src/code_numerique_screen/Code_numeriqueView.cpp:408:6:virtual void Code_numeriqueView::changeErreur(uint16_t)	16	static
../TouchGFX/gui/src/code_numerique_screen/Code_numeriqueView.cpp:418:6:virtual void Code_numeriqueView::changeDate(S_DATE*)	24	static
