../Middlewares/ST/touchgfx/framework/include/touchgfx/Screen.hpp:104:18:virtual void touchgfx::Screen::afterTransition()	16	static
../Middlewares/ST/touchgfx/framework/include/touchgfx/Screen.hpp:115:18:virtual void touchgfx::Screen::tearDownScreen()	16	static
../Middlewares/ST/touchgfx/framework/include/touchgfx/Screen.hpp:144:18:virtual void touchgfx::Screen::handleTickEvent()	16	static
../Middlewares/ST/touchgfx/framework/include/touchgfx/Screen.hpp:154:18:virtual void touchgfx::Screen::handleKeyEvent(uint8_t)	16	static
../TouchGFX/gui/include/gui/usine_config_ajpac_screen/Usine_config_ajpacView.hpp:11:13:Usine_config_ajpacView::~Usine_config_ajpacView()	16	static
../TouchGFX/gui/include/gui/usine_config_ajpac_screen/Usine_config_ajpacView.hpp:11:13:virtual Usine_config_ajpacView::~Usine_config_ajpacView()	16	static
../TouchGFX/gui/src/usine_config_ajpac_screen/Usine_config_ajpacView.cpp:3:1:Usine_config_ajpacView::Usine_config_ajpacView()	16	static
../TouchGFX/gui/src/usine_config_ajpac_screen/Usine_config_ajpacView.cpp:8:6:virtual void Usine_config_ajpacView::setupScreen()	16	static
../TouchGFX/gui/src/usine_config_ajpac_screen/Usine_config_ajpacView.cpp:13:6:virtual void Usine_config_ajpacView::tearDownScreen()	16	static
