../Middlewares/ST/touchgfx/framework/include/touchgfx/hal/Types.hpp:127:5:touchgfx::Rect::Rect()	16	static
../Middlewares/ST/touchgfx/framework/include/touchgfx/Bitmap.hpp:136:5:touchgfx::Bitmap::Bitmap(touchgfx::BitmapId)	16	static
../Middlewares/ST/touchgfx/framework/include/touchgfx/Bitmap.hpp:146:14:touchgfx::BitmapId touchgfx::Bitmap::getId() const	16	static
../Middlewares/ST/touchgfx/framework/include/touchgfx/Drawable.hpp:48:5:touchgfx::Drawable::Drawable()	16	static
../Middlewares/ST/touchgfx/framework/include/touchgfx/Drawable.hpp:121:18:virtual void touchgfx::Drawable::invalidateContent() const	16	static
../Middlewares/ST/touchgfx/framework/include/touchgfx/Drawable.hpp:147:23:virtual touchgfx::Drawable* touchgfx::Drawable::getFirstChild()	16	static
../Middlewares/ST/touchgfx/framework/include/touchgfx/Drawable.hpp:233:10:void touchgfx::Drawable::setPosition(int16_t, int16_t, int16_t, int16_t)	24	static
../Middlewares/ST/touchgfx/framework/include/touchgfx/Drawable.hpp:315:18:virtual void touchgfx::Drawable::setX(int16_t)	16	static
../Middlewares/ST/touchgfx/framework/include/touchgfx/Drawable.hpp:327:18:virtual void touchgfx::Drawable::setY(int16_t)	16	static
../Middlewares/ST/touchgfx/framework/include/touchgfx/Drawable.hpp:343:10:void touchgfx::Drawable::setXY(int16_t, int16_t)	16	static
../Middlewares/ST/touchgfx/framework/include/touchgfx/Drawable.hpp:356:18:virtual void touchgfx::Drawable::setWidth(int16_t)	16	static
../Middlewares/ST/touchgfx/framework/include/touchgfx/Drawable.hpp:368:18:virtual void touchgfx::Drawable::setHeight(int16_t)	16	static
../Middlewares/ST/touchgfx/framework/include/touchgfx/Drawable.hpp:378:18:virtual void touchgfx::Drawable::childGeometryChanged()	16	static
../Middlewares/ST/touchgfx/framework/include/touchgfx/Drawable.hpp:389:18:virtual void touchgfx::Drawable::handleClickEvent(const touchgfx::ClickEvent&)	16	static
../Middlewares/ST/touchgfx/framework/include/touchgfx/Drawable.hpp:401:18:virtual void touchgfx::Drawable::handleGestureEvent(const touchgfx::GestureEvent&)	16	static
../Middlewares/ST/touchgfx/framework/include/touchgfx/Drawable.hpp:413:10:void touchgfx::Drawable::setWidthHeight(int16_t, int16_t)	16	static
../Middlewares/ST/touchgfx/framework/include/touchgfx/Drawable.hpp:490:18:virtual void touchgfx::Drawable::handleDragEvent(const touchgfx::DragEvent&)	16	static
../Middlewares/ST/touchgfx/framework/include/touchgfx/Drawable.hpp:501:18:virtual void touchgfx::Drawable::handleTickEvent()	16	static
../Middlewares/ST/touchgfx/framework/include/touchgfx/Drawable.hpp:515:10:void touchgfx::Drawable::setVisible(bool)	16	static
../Middlewares/ST/touchgfx/framework/include/touchgfx/Drawable.hpp:525:10:void touchgfx::Drawable::setTouchable(bool)	16	static
../Middlewares/ST/touchgfx/framework/include/touchgfx/Drawable.hpp:537:10:bool touchgfx::Drawable::isVisible() const	16	static
../Middlewares/ST/touchgfx/framework/include/touchgfx/Drawable.hpp:549:10:bool touchgfx::Drawable::isTouchable() const	16	static
../Middlewares/ST/touchgfx/framework/include/touchgfx/Drawable.hpp:588:18:virtual void touchgfx::Drawable::moveTo(int16_t, int16_t)	16	static
../Middlewares/ST/touchgfx/framework/include/touchgfx/Drawable.hpp:625:10:void touchgfx::Drawable::resetDrawChainCache()	16	static
../Middlewares/ST/touchgfx/framework/include/touchgfx/Drawable.hpp:703:18:virtual void touchgfx::Drawable::setupDrawChain(const touchgfx::Rect&, touchgfx::Drawable**)	24	static
../Middlewares/ST/touchgfx/framework/include/touchgfx/widgets/Widget.hpp:45:18:virtual void touchgfx::Widget::getLastChild(int16_t, int16_t, touchgfx::Drawable**)	24	static
../Middlewares/ST/touchgfx/framework/include/touchgfx/containers/Container.hpp:43:5:touchgfx::Container::Container()	16	static
../Middlewares/ST/touchgfx/framework/include/touchgfx/Screen.hpp:104:18:virtual void touchgfx::Screen::afterTransition()	16	static
../Middlewares/ST/touchgfx/framework/include/touchgfx/Screen.hpp:115:18:virtual void touchgfx::Screen::tearDownScreen()	16	static
../Middlewares/ST/touchgfx/framework/include/touchgfx/Screen.hpp:144:18:virtual void touchgfx::Screen::handleTickEvent()	16	static
../Middlewares/ST/touchgfx/framework/include/touchgfx/Screen.hpp:154:18:virtual void touchgfx::Screen::handleKeyEvent(uint8_t)	16	static
../Middlewares/ST/touchgfx/framework/include/touchgfx/widgets/Widget.hpp:36:7:touchgfx::Widget::Widget()	16	static
../Middlewares/ST/touchgfx/framework/include/touchgfx/widgets/Image.hpp:50:5:touchgfx::Image::Image(const touchgfx::Bitmap&)	16	static
../Middlewares/ST/touchgfx/framework/include/touchgfx/TypedText.hpp:59:5:touchgfx::TypedText::TypedText(touchgfx::TypedTextId)	16	static
../Middlewares/ST/touchgfx/framework/include/touchgfx/TypedText.hpp:65:13:touchgfx::TypedText::~TypedText()	16	static
../Middlewares/ST/touchgfx/framework/include/touchgfx/TypedText.hpp:65:13:virtual touchgfx::TypedText::~TypedText()	16	static
../Middlewares/ST/touchgfx/framework/include/touchgfx/widgets/ToggleButton.hpp:58:10:bool touchgfx::ToggleButton::getState() const	24	static
../TouchGFX/generated/gui_generated/include/gui_generated/programmation_screen/ProgrammationViewBase.hpp:76:26:FrontendApplication& ProgrammationViewBase::application()	16	static
../TouchGFX/gui/include/gui/programmation_screen/ProgrammationView.hpp:11:13:ProgrammationView::~ProgrammationView()	24	static
../TouchGFX/gui/include/gui/programmation_screen/ProgrammationView.hpp:11:13:virtual ProgrammationView::~ProgrammationView()	16	static
../TouchGFX/gui/src/programmation_screen/ProgrammationView.cpp:4:1:ProgrammationView::ProgrammationView()	280	static
../TouchGFX/gui/src/programmation_screen/ProgrammationView.cpp:192:6:virtual void ProgrammationView::setupScreen()	16	static
../TouchGFX/gui/src/programmation_screen/ProgrammationView.cpp:197:6:virtual void ProgrammationView::tearDownScreen()	16	static
../TouchGFX/gui/src/programmation_screen/ProgrammationView.cpp:202:6:virtual void ProgrammationView::bouton_copier()	16	static
../TouchGFX/gui/src/programmation_screen/ProgrammationView.cpp:243:6:virtual void ProgrammationView::bouton_coller()	48	static
../TouchGFX/gui/src/programmation_screen/ProgrammationView.cpp:318:6:virtual void ProgrammationView::bouton_retour()	16	static
../TouchGFX/gui/src/programmation_screen/ProgrammationView.cpp:351:6:virtual void ProgrammationView::bouton_valider()	16	static
../TouchGFX/gui/src/programmation_screen/ProgrammationView.cpp:441:6:virtual void ProgrammationView::changeStatutPAC(S_STATUT_PAC*)	16	static
../TouchGFX/gui/src/programmation_screen/ProgrammationView.cpp:452:6:virtual void ProgrammationView::changeStatutEther(S_CYC_ETHER_III*)	16	static
../TouchGFX/gui/src/programmation_screen/ProgrammationView.cpp:462:6:virtual void ProgrammationView::changeErreur(uint16_t)	16	static
../TouchGFX/gui/src/programmation_screen/ProgrammationView.cpp:472:6:virtual void ProgrammationView::changeDate(S_DATE*)	24	static
../TouchGFX/gui/src/programmation_screen/ProgrammationView.cpp:493:6:virtual void ProgrammationView::barre_lundi()	16	static
../TouchGFX/gui/src/programmation_screen/ProgrammationView.cpp:537:6:virtual void ProgrammationView::barre_mardi()	16	static
../TouchGFX/gui/src/programmation_screen/ProgrammationView.cpp:581:6:virtual void ProgrammationView::barre_mercredi()	16	static
../TouchGFX/gui/src/programmation_screen/ProgrammationView.cpp:625:6:virtual void ProgrammationView::barre_jeudi()	16	static
../TouchGFX/gui/src/programmation_screen/ProgrammationView.cpp:669:6:virtual void ProgrammationView::barre_vendredi()	16	static
../TouchGFX/gui/src/programmation_screen/ProgrammationView.cpp:713:6:virtual void ProgrammationView::barre_samedi()	16	static
../TouchGFX/gui/src/programmation_screen/ProgrammationView.cpp:757:6:virtual void ProgrammationView::barre_dimanche()	16	static
