../Middlewares/ST/touchgfx/framework/include/touchgfx/Bitmap.hpp:146:14:touchgfx::BitmapId touchgfx::Bitmap::getId() const	16	static
../Middlewares/ST/touchgfx/framework/include/touchgfx/Drawable.hpp:343:10:void touchgfx::Drawable::setXY(int16_t, int16_t)	16	static
../Middlewares/ST/touchgfx/framework/include/touchgfx/Drawable.hpp:515:10:void touchgfx::Drawable::setVisible(bool)	16	static
../Middlewares/ST/touchgfx/framework/include/touchgfx/Screen.hpp:104:18:virtual void touchgfx::Screen::afterTransition()	16	static
../Middlewares/ST/touchgfx/framework/include/touchgfx/Screen.hpp:115:18:virtual void touchgfx::Screen::tearDownScreen()	16	static
../Middlewares/ST/touchgfx/framework/include/touchgfx/Screen.hpp:144:18:virtual void touchgfx::Screen::handleTickEvent()	16	static
../Middlewares/ST/touchgfx/framework/include/touchgfx/Screen.hpp:154:18:virtual void touchgfx::Screen::handleKeyEvent(uint8_t)	16	static
../Middlewares/ST/touchgfx/framework/include/touchgfx/TypedText.hpp:59:5:touchgfx::TypedText::TypedText(touchgfx::TypedTextId)	16	static
../Middlewares/ST/touchgfx/framework/include/touchgfx/TypedText.hpp:65:13:touchgfx::TypedText::~TypedText()	16	static
../Middlewares/ST/touchgfx/framework/include/touchgfx/TypedText.hpp:65:13:virtual touchgfx::TypedText::~TypedText()	16	static
../Middlewares/ST/touchgfx/framework/include/touchgfx/widgets/TextAreaWithWildcard.hpp:79:10:void touchgfx::TextAreaWithOneWildcard::setWildcard1(const touchgfx::Unicode::UnicodeChar*)	16	static
../Middlewares/ST/touchgfx/framework/include/touchgfx/widgets/TextAreaWithWildcard.hpp:98:10:void touchgfx::TextAreaWithOneWildcard::setWildcard(const touchgfx::Unicode::UnicodeChar*)	16	static
../Middlewares/ST/touchgfx/framework/include/touchgfx/widgets/ToggleButton.hpp:58:10:bool touchgfx::ToggleButton::getState() const	24	static
../TouchGFX/generated/gui_generated/include/gui_generated/usine_choix_fluide_screen/Usine_choix_fluideViewBase.hpp:61:26:FrontendApplication& Usine_choix_fluideViewBase::application()	16	static
../TouchGFX/gui/include/gui/usine_choix_fluide_screen/Usine_choix_fluideView.hpp:11:13:Usine_choix_fluideView::~Usine_choix_fluideView()	16	static
../TouchGFX/gui/include/gui/usine_choix_fluide_screen/Usine_choix_fluideView.hpp:11:13:virtual Usine_choix_fluideView::~Usine_choix_fluideView()	16	static
../TouchGFX/gui/src/usine_choix_fluide_screen/Usine_choix_fluideView.cpp:3:1:Usine_choix_fluideView::Usine_choix_fluideView()	48	static
../TouchGFX/gui/src/usine_choix_fluide_screen/Usine_choix_fluideView.cpp:30:6:virtual void Usine_choix_fluideView::setupScreen()	16	static
../TouchGFX/gui/src/usine_choix_fluide_screen/Usine_choix_fluideView.cpp:35:6:virtual void Usine_choix_fluideView::tearDownScreen()	16	static
../TouchGFX/gui/src/usine_choix_fluide_screen/Usine_choix_fluideView.cpp:40:6:virtual void Usine_choix_fluideView::bouton_on_off()	40	static
../TouchGFX/gui/src/usine_choix_fluide_screen/Usine_choix_fluideView.cpp:50:6:virtual void Usine_choix_fluideView::bouton_droite_fluide_c1()	16	static
../TouchGFX/gui/src/usine_choix_fluide_screen/Usine_choix_fluideView.cpp:59:6:virtual void Usine_choix_fluideView::bouton_gauche_fluide_c1()	16	static
../TouchGFX/gui/src/usine_choix_fluide_screen/Usine_choix_fluideView.cpp:69:6:void Usine_choix_fluideView::affichageFluideC1()	16	static
../TouchGFX/gui/src/usine_choix_fluide_screen/Usine_choix_fluideView.cpp:108:6:virtual void Usine_choix_fluideView::bouton_droite_fluide_c2()	16	static
../TouchGFX/gui/src/usine_choix_fluide_screen/Usine_choix_fluideView.cpp:117:6:virtual void Usine_choix_fluideView::bouton_gauche_fluide_c2()	16	static
../TouchGFX/gui/src/usine_choix_fluide_screen/Usine_choix_fluideView.cpp:127:6:void Usine_choix_fluideView::affichageFluideC2()	16	static
../TouchGFX/gui/src/usine_choix_fluide_screen/Usine_choix_fluideView.cpp:160:6:virtual void Usine_choix_fluideView::bouton_retour()	16	static
../TouchGFX/gui/src/usine_choix_fluide_screen/Usine_choix_fluideView.cpp:177:6:virtual void Usine_choix_fluideView::bouton_valider()	16	static
../TouchGFX/gui/src/usine_choix_fluide_screen/Usine_choix_fluideView.cpp:215:6:virtual void Usine_choix_fluideView::changeStatutPAC(S_STATUT_PAC*)	16	static
../TouchGFX/gui/src/usine_choix_fluide_screen/Usine_choix_fluideView.cpp:226:6:virtual void Usine_choix_fluideView::changeStatutEther(S_CYC_ETHER_III*)	16	static
../TouchGFX/gui/src/usine_choix_fluide_screen/Usine_choix_fluideView.cpp:236:6:virtual void Usine_choix_fluideView::changeErreur(uint16_t)	16	static
../TouchGFX/gui/src/usine_choix_fluide_screen/Usine_choix_fluideView.cpp:246:6:virtual void Usine_choix_fluideView::changeDate(S_DATE*)	24	static
