../Middlewares/ST/touchgfx/framework/include/touchgfx/Bitmap.hpp:136:5:touchgfx::Bitmap::Bitmap(touchgfx::BitmapId)	16	static
../Middlewares/ST/touchgfx/framework/include/touchgfx/Bitmap.hpp:146:14:touchgfx::BitmapId touchgfx::Bitmap::getId() const	16	static
../Middlewares/ST/touchgfx/framework/include/touchgfx/Drawable.hpp:343:10:void touchgfx::Drawable::setXY(int16_t, int16_t)	16	static
../Middlewares/ST/touchgfx/framework/include/touchgfx/Drawable.hpp:515:10:void touchgfx::Drawable::setVisible(bool)	16	static
../Middlewares/ST/touchgfx/framework/include/touchgfx/Drawable.hpp:537:10:bool touchgfx::Drawable::isVisible() const	16	static
../Middlewares/ST/touchgfx/framework/include/touchgfx/Screen.hpp:104:18:virtual void touchgfx::Screen::afterTransition()	16	static
../Middlewares/ST/touchgfx/framework/include/touchgfx/Screen.hpp:115:18:virtual void touchgfx::Screen::tearDownScreen()	16	static
../Middlewares/ST/touchgfx/framework/include/touchgfx/Screen.hpp:144:18:virtual void touchgfx::Screen::handleTickEvent()	16	static
../Middlewares/ST/touchgfx/framework/include/touchgfx/Screen.hpp:154:18:virtual void touchgfx::Screen::handleKeyEvent(uint8_t)	16	static
../Middlewares/ST/touchgfx/framework/include/touchgfx/TypedText.hpp:59:5:touchgfx::TypedText::TypedText(touchgfx::TypedTextId)	16	static
../Middlewares/ST/touchgfx/framework/include/touchgfx/TypedText.hpp:65:13:touchgfx::TypedText::~TypedText()	16	static
../Middlewares/ST/touchgfx/framework/include/touchgfx/TypedText.hpp:65:13:virtual touchgfx::TypedText::~TypedText()	16	static
../Middlewares/ST/touchgfx/framework/include/touchgfx/widgets/TextAreaWithWildcard.hpp:79:10:void touchgfx::TextAreaWithOneWildcard::setWildcard1(const touchgfx::Unicode::UnicodeChar*)	16	static
../Middlewares/ST/touchgfx/framework/include/touchgfx/widgets/TextAreaWithWildcard.hpp:98:10:void touchgfx::TextAreaWithOneWildcard::setWildcard(const touchgfx::Unicode::UnicodeChar*)	16	static
../Middlewares/ST/touchgfx/framework/include/touchgfx/widgets/ToggleButton.hpp:58:10:bool touchgfx::ToggleButton::getState() const	24	static
../TouchGFX/generated/gui_generated/include/gui_generated/installation_hydraulique_screen/Installation_hydrauliqueViewBase.hpp:71:26:FrontendApplication& Installation_hydrauliqueViewBase::application()	16	static
../TouchGFX/gui/include/gui/installation_hydraulique_screen/Installation_hydrauliqueView.hpp:11:13:Installation_hydrauliqueView::~Installation_hydrauliqueView()	16	static
../TouchGFX/gui/include/gui/installation_hydraulique_screen/Installation_hydrauliqueView.hpp:11:13:virtual Installation_hydrauliqueView::~Installation_hydrauliqueView()	16	static
../TouchGFX/gui/src/installation_hydraulique_screen/Installation_hydrauliqueView.cpp:5:1:Installation_hydrauliqueView::Installation_hydrauliqueView()	176	static
../TouchGFX/gui/src/installation_hydraulique_screen/Installation_hydrauliqueView.cpp:102:6:virtual void Installation_hydrauliqueView::setupScreen()	16	static
../TouchGFX/gui/src/installation_hydraulique_screen/Installation_hydrauliqueView.cpp:107:6:virtual void Installation_hydrauliqueView::tearDownScreen()	16	static
../TouchGFX/gui/src/installation_hydraulique_screen/Installation_hydrauliqueView.cpp:112:6:virtual void Installation_hydrauliqueView::bouton_resistance_terminaison()	16	static
../TouchGFX/gui/src/installation_hydraulique_screen/Installation_hydrauliqueView.cpp:118:6:virtual void Installation_hydrauliqueView::bouton_defilement_droit_type_regulation()	16	static
../TouchGFX/gui/src/installation_hydraulique_screen/Installation_hydrauliqueView.cpp:145:6:virtual void Installation_hydrauliqueView::bouton_defilement_gauche_type_regulation()	16	static
../TouchGFX/gui/src/installation_hydraulique_screen/Installation_hydrauliqueView.cpp:172:6:void Installation_hydrauliqueView::affichage_type_regul()	88	static
../TouchGFX/gui/src/installation_hydraulique_screen/Installation_hydrauliqueView.cpp:237:6:virtual void Installation_hydrauliqueView::bouton_defilement_droit_nb_pac()	16	static
../TouchGFX/gui/src/installation_hydraulique_screen/Installation_hydrauliqueView.cpp:262:6:virtual void Installation_hydrauliqueView::bouton_defilement_gauche_nb_pac()	16	static
../TouchGFX/gui/src/installation_hydraulique_screen/Installation_hydrauliqueView.cpp:287:6:virtual void Installation_hydrauliqueView::bouton_zone_1()	16	static
../TouchGFX/gui/src/installation_hydraulique_screen/Installation_hydrauliqueView.cpp:297:6:virtual void Installation_hydrauliqueView::bouton_zone_2()	16	static
../TouchGFX/gui/src/installation_hydraulique_screen/Installation_hydrauliqueView.cpp:307:6:virtual void Installation_hydrauliqueView::bouton_param_zone_1()	24	static
../TouchGFX/gui/src/installation_hydraulique_screen/Installation_hydrauliqueView.cpp:314:6:virtual void Installation_hydrauliqueView::bouton_param_zone_2()	24	static
../TouchGFX/gui/src/installation_hydraulique_screen/Installation_hydrauliqueView.cpp:321:6:void Installation_hydrauliqueView::affichage_zones()	88	static
../TouchGFX/gui/src/installation_hydraulique_screen/Installation_hydrauliqueView.cpp:410:6:void Installation_hydrauliqueView::bouton_valider()	16	static
../TouchGFX/gui/src/installation_hydraulique_screen/Installation_hydrauliqueView.cpp:416:6:virtual void Installation_hydrauliqueView::changeStatutPAC(S_STATUT_PAC*)	16	static
../TouchGFX/gui/src/installation_hydraulique_screen/Installation_hydrauliqueView.cpp:427:6:virtual void Installation_hydrauliqueView::changeStatutEther(S_CYC_ETHER_III*)	16	static
../TouchGFX/gui/src/installation_hydraulique_screen/Installation_hydrauliqueView.cpp:437:6:virtual void Installation_hydrauliqueView::changeErreur(uint16_t)	16	static
../TouchGFX/gui/src/installation_hydraulique_screen/Installation_hydrauliqueView.cpp:447:6:virtual void Installation_hydrauliqueView::changeDate(S_DATE*)	24	static
