../Middlewares/ST/touchgfx/framework/include/touchgfx/Bitmap.hpp:146:14:touchgfx::BitmapId touchgfx::Bitmap::getId() const	16	static
../Middlewares/ST/touchgfx/framework/include/touchgfx/Drawable.hpp:343:10:void touchgfx::Drawable::setXY(int16_t, int16_t)	16	static
../Middlewares/ST/touchgfx/framework/include/touchgfx/Drawable.hpp:515:10:void touchgfx::Drawable::setVisible(bool)	16	static
../Middlewares/ST/touchgfx/framework/include/touchgfx/Screen.hpp:104:18:virtual void touchgfx::Screen::afterTransition()	16	static
../Middlewares/ST/touchgfx/framework/include/touchgfx/Screen.hpp:115:18:virtual void touchgfx::Screen::tearDownScreen()	16	static
../Middlewares/ST/touchgfx/framework/include/touchgfx/Screen.hpp:154:18:virtual void touchgfx::Screen::handleKeyEvent(uint8_t)	16	static
../Middlewares/ST/touchgfx/framework/include/touchgfx/TypedText.hpp:59:5:touchgfx::TypedText::TypedText(touchgfx::TypedTextId)	16	static
../Middlewares/ST/touchgfx/framework/include/touchgfx/TypedText.hpp:65:13:touchgfx::TypedText::~TypedText()	16	static
../Middlewares/ST/touchgfx/framework/include/touchgfx/TypedText.hpp:65:13:virtual touchgfx::TypedText::~TypedText()	16	static
../Middlewares/ST/touchgfx/framework/include/touchgfx/widgets/TextArea.hpp:246:22:const touchgfx::TypedText& touchgfx::TextArea::getTypedText() const	16	static
../Middlewares/ST/touchgfx/framework/include/touchgfx/widgets/TextAreaWithWildcard.hpp:79:10:void touchgfx::TextAreaWithOneWildcard::setWildcard1(const touchgfx::Unicode::UnicodeChar*)	16	static
../Middlewares/ST/touchgfx/framework/include/touchgfx/widgets/TextAreaWithWildcard.hpp:98:10:void touchgfx::TextAreaWithOneWildcard::setWildcard(const touchgfx::Unicode::UnicodeChar*)	16	static
../Middlewares/ST/touchgfx/framework/include/touchgfx/widgets/AbstractButton.hpp:86:18:virtual bool touchgfx::AbstractButton::getPressedState() const	16	static
../Middlewares/ST/touchgfx/framework/include/touchgfx/widgets/ToggleButton.hpp:58:10:bool touchgfx::ToggleButton::getState() const	24	static
../TouchGFX/generated/gui_generated/include/gui_generated/usine_config_inverterra_screen/Usine_config_inverterraViewBase.hpp:71:26:FrontendApplication& Usine_config_inverterraViewBase::application()	16	static
../TouchGFX/gui/include/gui/usine_config_inverterra_screen/Usine_config_inverterraView.hpp:11:13:Usine_config_inverterraView::~Usine_config_inverterraView()	16	static
../TouchGFX/gui/include/gui/usine_config_inverterra_screen/Usine_config_inverterraView.hpp:11:13:virtual Usine_config_inverterraView::~Usine_config_inverterraView()	16	static
../TouchGFX/gui/src/usine_config_inverterra_screen/Usine_config_inverterraView.cpp:3:1:Usine_config_inverterraView::Usine_config_inverterraView()	64	static
../TouchGFX/gui/src/usine_config_inverterra_screen/Usine_config_inverterraView.cpp:48:6:virtual void Usine_config_inverterraView::setupScreen()	16	static
../TouchGFX/gui/src/usine_config_inverterra_screen/Usine_config_inverterraView.cpp:53:6:virtual void Usine_config_inverterraView::tearDownScreen()	16	static
../TouchGFX/gui/src/usine_config_inverterra_screen/Usine_config_inverterraView.cpp:58:6:virtual void Usine_config_inverterraView::bouton_droite_fluide_c1()	16	static
../TouchGFX/gui/src/usine_config_inverterra_screen/Usine_config_inverterraView.cpp:67:6:virtual void Usine_config_inverterraView::bouton_gauche_fluide_c1()	16	static
../TouchGFX/gui/src/usine_config_inverterra_screen/Usine_config_inverterraView.cpp:77:6:void Usine_config_inverterraView::affichageFluideC1()	16	static
../TouchGFX/gui/src/usine_config_inverterra_screen/Usine_config_inverterraView.cpp:110:6:virtual void Usine_config_inverterraView::bouton_moins_puissance()	16	static
../TouchGFX/gui/src/usine_config_inverterra_screen/Usine_config_inverterraView.cpp:121:6:virtual void Usine_config_inverterraView::bouton_plus_puissance()	16	static
../TouchGFX/gui/src/usine_config_inverterra_screen/Usine_config_inverterraView.cpp:132:6:virtual void Usine_config_inverterraView::bouton_on_off()	40	static
../TouchGFX/gui/src/usine_config_inverterra_screen/Usine_config_inverterraView.cpp:142:6:virtual void Usine_config_inverterraView::bouton_mono_tri()	56	static
../TouchGFX/gui/src/usine_config_inverterra_screen/Usine_config_inverterraView.cpp:152:6:virtual void Usine_config_inverterraView::bouton_type_inverterra()	56	static
../TouchGFX/gui/src/usine_config_inverterra_screen/Usine_config_inverterraView.cpp:168:6:virtual void Usine_config_inverterraView::timer_10ms()	16	static
../TouchGFX/gui/src/usine_config_inverterra_screen/Usine_config_inverterraView.cpp:192:6:virtual void Usine_config_inverterraView::bouton_valider()	64	static
../TouchGFX/gui/src/usine_config_inverterra_screen/Usine_config_inverterraView.cpp:224:6:virtual void Usine_config_inverterraView::changeStatutPAC(S_STATUT_PAC*)	16	static
../TouchGFX/gui/src/usine_config_inverterra_screen/Usine_config_inverterraView.cpp:235:6:virtual void Usine_config_inverterraView::changeStatutEther(S_CYC_ETHER_III*)	16	static
../TouchGFX/gui/src/usine_config_inverterra_screen/Usine_config_inverterraView.cpp:245:6:virtual void Usine_config_inverterraView::changeErreur(uint16_t)	16	static
../TouchGFX/gui/src/usine_config_inverterra_screen/Usine_config_inverterraView.cpp:255:6:virtual void Usine_config_inverterraView::changeDate(S_DATE*)	24	static
