../Middlewares/ST/touchgfx/framework/include/mvp/Presenter.hpp:37:18:virtual void touchgfx::Presenter::activate()	16	static
../Middlewares/ST/touchgfx/framework/include/mvp/Presenter.hpp:47:18:virtual void touchgfx::Presenter::deactivate()	16	static
../Middlewares/ST/touchgfx/framework/include/mvp/Presenter.hpp:52:13:touchgfx::Presenter::~Presenter()	16	static
../Middlewares/ST/touchgfx/framework/include/mvp/Presenter.hpp:52:13:virtual touchgfx::Presenter::~Presenter()	16	static
../Middlewares/ST/touchgfx/framework/include/mvp/Presenter.hpp:58:5:touchgfx::Presenter::Presenter()	16	static
../TouchGFX/gui/include/gui/model/ModelListener.hpp:9:5:ModelListener::ModelListener()	16	static
../TouchGFX/gui/include/gui/model/ModelListener.hpp:11:13:ModelListener::~ModelListener()	16	static
../TouchGFX/gui/include/gui/model/ModelListener.hpp:11:13:virtual ModelListener::~ModelListener()	16	static
../TouchGFX/gui/include/gui/eau_chaude_sanitaire_screen/Eau_chaude_sanitairePresenter.hpp:28:13:Eau_chaude_sanitairePresenter::~Eau_chaude_sanitairePresenter()	16	static
../TouchGFX/gui/include/gui/eau_chaude_sanitaire_screen/Eau_chaude_sanitairePresenter.hpp:28:13:virtual Eau_chaude_sanitairePresenter::~Eau_chaude_sanitairePresenter()	16	static
../TouchGFX/gui/src/eau_chaude_sanitaire_screen/Eau_chaude_sanitairePresenter.cpp:4:1:Eau_chaude_sanitairePresenter::Eau_chaude_sanitairePresenter(Eau_chaude_sanitaireView&)	16	static
../TouchGFX/gui/src/eau_chaude_sanitaire_screen/Eau_chaude_sanitairePresenter.cpp:10:6:virtual void Eau_chaude_sanitairePresenter::activate()	16	static
../TouchGFX/gui/src/eau_chaude_sanitaire_screen/Eau_chaude_sanitairePresenter.cpp:15:6:virtual void Eau_chaude_sanitairePresenter::deactivate()	16	static
