../Middlewares/ST/touchgfx/framework/include/touchgfx/Screen.hpp:104:18:virtual void touchgfx::Screen::afterTransition()	16	static
../Middlewares/ST/touchgfx/framework/include/touchgfx/Screen.hpp:115:18:virtual void touchgfx::Screen::tearDownScreen()	16	static
../Middlewares/ST/touchgfx/framework/include/touchgfx/Screen.hpp:144:18:virtual void touchgfx::Screen::handleTickEvent()	16	static
../Middlewares/ST/touchgfx/framework/include/touchgfx/Screen.hpp:154:18:virtual void touchgfx::Screen::handleKeyEvent(uint8_t)	16	static
../TouchGFX/gui/include/gui/maintenance_screen/MaintenanceView.hpp:11:13:MaintenanceView::~MaintenanceView()	16	static
../TouchGFX/gui/include/gui/maintenance_screen/MaintenanceView.hpp:11:13:virtual MaintenanceView::~MaintenanceView()	16	static
../TouchGFX/gui/src/maintenance_screen/MaintenanceView.cpp:3:1:MaintenanceView::MaintenanceView()	16	static
../TouchGFX/gui/src/maintenance_screen/MaintenanceView.cpp:8:6:virtual void MaintenanceView::setupScreen()	16	static
../TouchGFX/gui/src/maintenance_screen/MaintenanceView.cpp:13:6:virtual void MaintenanceView::tearDownScreen()	16	static
