../Middlewares/ST/touchgfx/framework/include/touchgfx/Screen.hpp:104:18:virtual void touchgfx::Screen::afterTransition()	16	static
../Middlewares/ST/touchgfx/framework/include/touchgfx/Screen.hpp:115:18:virtual void touchgfx::Screen::tearDownScreen()	16	static
../Middlewares/ST/touchgfx/framework/include/touchgfx/Screen.hpp:144:18:virtual void touchgfx::Screen::handleTickEvent()	16	static
../Middlewares/ST/touchgfx/framework/include/touchgfx/Screen.hpp:154:18:virtual void touchgfx::Screen::handleKeyEvent(uint8_t)	16	static
../TouchGFX/generated/gui_generated/include/gui_generated/erreurs_screen/ErreursViewBase.hpp:23:18:virtual void ErreursViewBase::scrollList_erreursUpdateItem(Erreurs_alertes&, int16_t)	24	static
../TouchGFX/gui/include/gui/erreurs_screen/ErreursView.hpp:11:13:ErreursView::~ErreursView()	16	static
../TouchGFX/gui/include/gui/erreurs_screen/ErreursView.hpp:11:13:virtual ErreursView::~ErreursView()	16	static
../TouchGFX/gui/src/erreurs_screen/ErreursView.cpp:3:1:ErreursView::ErreursView()	16	static
../TouchGFX/gui/src/erreurs_screen/ErreursView.cpp:8:6:virtual void ErreursView::setupScreen()	16	static
../TouchGFX/gui/src/erreurs_screen/ErreursView.cpp:13:6:virtual void ErreursView::tearDownScreen()	16	static
