../Middlewares/ST/touchgfx/framework/include/touchgfx/Bitmap.hpp:146:14:touchgfx::BitmapId touchgfx::Bitmap::getId() const	16	static
../Middlewares/ST/touchgfx/framework/include/touchgfx/Drawable.hpp:343:10:void touchgfx::Drawable::setXY(int16_t, int16_t)	16	static
../Middlewares/ST/touchgfx/framework/include/touchgfx/Drawable.hpp:525:10:void touchgfx::Drawable::setTouchable(bool)	16	static
../Middlewares/ST/touchgfx/framework/include/touchgfx/Unicode.hpp:404:25:static touchgfx::Unicode::UnicodeChar* touchgfx::Unicode::snprintfFloat(UnicodeChar*, uint16_t, const char*, float)	24	static
../Middlewares/ST/touchgfx/framework/include/touchgfx/Screen.hpp:104:18:virtual void touchgfx::Screen::afterTransition()	16	static
../Middlewares/ST/touchgfx/framework/include/touchgfx/Screen.hpp:115:18:virtual void touchgfx::Screen::tearDownScreen()	16	static
../Middlewares/ST/touchgfx/framework/include/touchgfx/Screen.hpp:154:18:virtual void touchgfx::Screen::handleKeyEvent(uint8_t)	16	static
../Middlewares/ST/touchgfx/framework/include/touchgfx/TypedText.hpp:59:5:touchgfx::TypedText::TypedText(touchgfx::TypedTextId)	16	static
../Middlewares/ST/touchgfx/framework/include/touchgfx/TypedText.hpp:65:13:touchgfx::TypedText::~TypedText()	16	static
../Middlewares/ST/touchgfx/framework/include/touchgfx/TypedText.hpp:65:13:virtual touchgfx::TypedText::~TypedText()	16	static
../Middlewares/ST/touchgfx/framework/include/touchgfx/widgets/TextAreaWithWildcard.hpp:79:10:void touchgfx::TextAreaWithOneWildcard::setWildcard1(const touchgfx::Unicode::UnicodeChar*)	16	static
../Middlewares/ST/touchgfx/framework/include/touchgfx/widgets/TextAreaWithWildcard.hpp:98:10:void touchgfx::TextAreaWithOneWildcard::setWildcard(const touchgfx::Unicode::UnicodeChar*)	16	static
../Middlewares/ST/touchgfx/framework/include/touchgfx/widgets/AbstractButton.hpp:86:18:virtual bool touchgfx::AbstractButton::getPressedState() const	16	static
../Middlewares/ST/touchgfx/framework/include/touchgfx/widgets/ToggleButton.hpp:58:10:bool touchgfx::ToggleButton::getState() const	24	static
../TouchGFX/generated/gui_generated/include/gui_generated/derogation_screen/DerogationViewBase.hpp:66:26:FrontendApplication& DerogationViewBase::application()	16	static
../TouchGFX/gui/include/gui/derogation_screen/DerogationView.hpp:11:13:DerogationView::~DerogationView()	16	static
../TouchGFX/gui/include/gui/derogation_screen/DerogationView.hpp:11:13:virtual DerogationView::~DerogationView()	16	static
../TouchGFX/gui/src/derogation_screen/DerogationView.cpp:3:1:DerogationView::DerogationView()	72	static
../TouchGFX/gui/src/derogation_screen/DerogationView.cpp:83:6:virtual void DerogationView::bouton_oui_derog()	16	static
../TouchGFX/gui/src/derogation_screen/DerogationView.cpp:95:6:virtual void DerogationView::bouton_non_derog()	16	static
../TouchGFX/gui/src/derogation_screen/DerogationView.cpp:107:6:virtual void DerogationView::bouton_moins_derog()	48	static
../TouchGFX/gui/src/derogation_screen/DerogationView.cpp:128:6:virtual void DerogationView::bouton_plus_derog()	48	static
../TouchGFX/gui/src/derogation_screen/DerogationView.cpp:148:6:virtual void DerogationView::bouton_plus_consigne()	16	static
../TouchGFX/gui/src/derogation_screen/DerogationView.cpp:160:6:virtual void DerogationView::bouton_moins_consigne()	16	static
../TouchGFX/gui/src/derogation_screen/DerogationView.cpp:172:6:virtual void DerogationView::timer_10ms()	16	static
../TouchGFX/gui/src/derogation_screen/DerogationView.cpp:216:6:virtual void DerogationView::bouton_valider()	24	static
../TouchGFX/gui/src/derogation_screen/DerogationView.cpp:252:6:virtual void DerogationView::setupScreen()	16	static
../TouchGFX/gui/src/derogation_screen/DerogationView.cpp:257:6:virtual void DerogationView::tearDownScreen()	16	static
../TouchGFX/gui/src/derogation_screen/DerogationView.cpp:262:6:virtual void DerogationView::changeStatutPAC(S_STATUT_PAC*)	16	static
../TouchGFX/gui/src/derogation_screen/DerogationView.cpp:273:6:virtual void DerogationView::changeStatutEther(S_CYC_ETHER_III*)	16	static
../TouchGFX/gui/src/derogation_screen/DerogationView.cpp:283:6:virtual void DerogationView::changeErreur(uint16_t)	16	static
../TouchGFX/gui/src/derogation_screen/DerogationView.cpp:293:6:virtual void DerogationView::changeDate(S_DATE*)	24	static
