../Middlewares/ST/touchgfx/framework/include/touchgfx/Screen.hpp:104:18:virtual void touchgfx::Screen::afterTransition()	16	static
../Middlewares/ST/touchgfx/framework/include/touchgfx/Screen.hpp:115:18:virtual void touchgfx::Screen::tearDownScreen()	16	static
../Middlewares/ST/touchgfx/framework/include/touchgfx/Screen.hpp:144:18:virtual void touchgfx::Screen::handleTickEvent()	16	static
../Middlewares/ST/touchgfx/framework/include/touchgfx/Screen.hpp:154:18:virtual void touchgfx::Screen::handleKeyEvent(uint8_t)	16	static
../TouchGFX/gui/include/gui/installation_screen/InstallationView.hpp:11:13:InstallationView::~InstallationView()	16	static
../TouchGFX/gui/include/gui/installation_screen/InstallationView.hpp:11:13:virtual InstallationView::~InstallationView()	16	static
../TouchGFX/gui/src/installation_screen/InstallationView.cpp:3:1:InstallationView::InstallationView()	16	static
../TouchGFX/gui/src/installation_screen/InstallationView.cpp:8:6:virtual void InstallationView::setupScreen()	16	static
../TouchGFX/gui/src/installation_screen/InstallationView.cpp:13:6:virtual void InstallationView::tearDownScreen()	16	static
