../Middlewares/ST/touchgfx/framework/include/mvp/Presenter.hpp:37:18:virtual void touchgfx::Presenter::activate()	16	static
../Middlewares/ST/touchgfx/framework/include/mvp/Presenter.hpp:47:18:virtual void touchgfx::Presenter::deactivate()	16	static
../Middlewares/ST/touchgfx/framework/include/mvp/Presenter.hpp:52:13:touchgfx::Presenter::~Presenter()	16	static
../Middlewares/ST/touchgfx/framework/include/mvp/Presenter.hpp:52:13:virtual touchgfx::Presenter::~Presenter()	16	static
../Middlewares/ST/touchgfx/framework/include/mvp/Presenter.hpp:58:5:touchgfx::Presenter::Presenter()	16	static
../TouchGFX/gui/include/gui/model/ModelListener.hpp:9:5:ModelListener::ModelListener()	16	static
../TouchGFX/gui/include/gui/model/ModelListener.hpp:11:13:ModelListener::~ModelListener()	16	static
../TouchGFX/gui/include/gui/model/ModelListener.hpp:11:13:virtual ModelListener::~ModelListener()	16	static
../TouchGFX/gui/include/gui/date_heure_screen/Date_heurePresenter.hpp:28:13:Date_heurePresenter::~Date_heurePresenter()	16	static
../TouchGFX/gui/include/gui/date_heure_screen/Date_heurePresenter.hpp:28:13:virtual Date_heurePresenter::~Date_heurePresenter()	16	static
../TouchGFX/gui/src/date_heure_screen/Date_heurePresenter.cpp:4:1:Date_heurePresenter::Date_heurePresenter(Date_heureView&)	16	static
../TouchGFX/gui/src/date_heure_screen/Date_heurePresenter.cpp:10:6:virtual void Date_heurePresenter::activate()	16	static
../TouchGFX/gui/src/date_heure_screen/Date_heurePresenter.cpp:15:6:virtual void Date_heurePresenter::deactivate()	16	static
