../Middlewares/ST/touchgfx/framework/include/touchgfx/hal/Types.hpp:91:5:touchgfx::colortype::colortype(uint32_t)	16	static
../Middlewares/ST/touchgfx/framework/include/touchgfx/Drawable.hpp:343:10:void touchgfx::Drawable::setXY(int16_t, int16_t)	16	static
../Middlewares/ST/touchgfx/framework/include/touchgfx/Drawable.hpp:515:10:void touchgfx::Drawable::setVisible(bool)	16	static
../Middlewares/ST/touchgfx/framework/include/touchgfx/Unicode.hpp:404:25:static touchgfx::Unicode::UnicodeChar* touchgfx::Unicode::snprintfFloat(UnicodeChar*, uint16_t, const char*, float)	24	static
../Middlewares/ST/touchgfx/framework/include/touchgfx/Screen.hpp:104:18:virtual void touchgfx::Screen::afterTransition()	16	static
../Middlewares/ST/touchgfx/framework/include/touchgfx/Screen.hpp:115:18:virtual void touchgfx::Screen::tearDownScreen()	16	static
../Middlewares/ST/touchgfx/framework/include/touchgfx/Screen.hpp:144:18:virtual void touchgfx::Screen::handleTickEvent()	16	static
../Middlewares/ST/touchgfx/framework/include/touchgfx/Screen.hpp:154:18:virtual void touchgfx::Screen::handleKeyEvent(uint8_t)	16	static
../Middlewares/ST/touchgfx/framework/include/touchgfx/widgets/TextAreaWithWildcard.hpp:79:10:void touchgfx::TextAreaWithOneWildcard::setWildcard1(const touchgfx::Unicode::UnicodeChar*)	16	static
../Middlewares/ST/touchgfx/framework/include/touchgfx/widgets/TextAreaWithWildcard.hpp:98:10:void touchgfx::TextAreaWithOneWildcard::setWildcard(const touchgfx::Unicode::UnicodeChar*)	16	static
../Middlewares/ST/touchgfx/framework/include/touchgfx/widgets/canvas/CanvasWidget.hpp:48:10:void touchgfx::CanvasWidget::setPainter(const touchgfx::AbstractPainter&)	16	static
../TouchGFX/generated/gui_generated/include/gui_generated/multizones_screen/MultizonesViewBase.hpp:63:26:FrontendApplication& MultizonesViewBase::application()	16	static
../TouchGFX/gui/include/gui/multizones_screen/MultizonesView.hpp:11:13:MultizonesView::~MultizonesView()	16	static
../TouchGFX/gui/include/gui/multizones_screen/MultizonesView.hpp:11:13:virtual MultizonesView::~MultizonesView()	16	static
../TouchGFX/gui/src/multizones_screen/MultizonesView.cpp:3:1:MultizonesView::MultizonesView()	16	static
../TouchGFX/gui/src/multizones_screen/MultizonesView.cpp:22:6:virtual void MultizonesView::setupScreen()	16	static
../TouchGFX/gui/src/multizones_screen/MultizonesView.cpp:27:6:virtual void MultizonesView::tearDownScreen()	16	static
../TouchGFX/gui/src/multizones_screen/MultizonesView.cpp:32:6:virtual void MultizonesView::bouton_zone_1()	16	static
../TouchGFX/gui/src/multizones_screen/MultizonesView.cpp:38:6:virtual void MultizonesView::bouton_zone_2()	16	static
../TouchGFX/gui/src/multizones_screen/MultizonesView.cpp:44:6:virtual void MultizonesView::bouton_zone_3()	16	static
../TouchGFX/gui/src/multizones_screen/MultizonesView.cpp:50:6:virtual void MultizonesView::bouton_zone_4()	16	static
../TouchGFX/gui/src/multizones_screen/MultizonesView.cpp:56:6:virtual void MultizonesView::bouton_zone_5()	16	static
../TouchGFX/gui/src/multizones_screen/MultizonesView.cpp:62:6:virtual void MultizonesView::bouton_zone_6()	16	static
../TouchGFX/gui/src/multizones_screen/MultizonesView.cpp:68:6:virtual void MultizonesView::bouton_zone_7()	16	static
../TouchGFX/gui/src/multizones_screen/MultizonesView.cpp:74:6:virtual void MultizonesView::bouton_zone_8()	16	static
../TouchGFX/gui/src/multizones_screen/MultizonesView.cpp:80:6:virtual void MultizonesView::changeStatutZx(uint8_t, S_STATUT_ZX*)	64	static
../TouchGFX/gui/src/multizones_screen/MultizonesView.cpp:143:6:virtual void MultizonesView::changeConfig(S_CONFIG_IHM*)	64	static
../TouchGFX/gui/src/multizones_screen/MultizonesView.cpp:299:6:void MultizonesView::changeConfigZx(uint8_t, S_PARAM_ZX*, touchgfx::Button*, touchgfx::Button*, touchgfx::Button*, touchgfx::TextAreaWithOneWildcard*, touchgfx::Unicode::UnicodeChar*)	56	static
../TouchGFX/gui/src/multizones_screen/MultizonesView.cpp:330:6:void MultizonesView::changeZx(uint8_t, S_STATUT_ZX*, touchgfx::Circle*, touchgfx::PainterRGB565*, touchgfx::Circle*, touchgfx::PainterRGB565*, touchgfx::TextAreaWithOneWildcard*, touchgfx::Unicode::UnicodeChar*)	64	static
../TouchGFX/gui/src/multizones_screen/MultizonesView.cpp:369:6:virtual void MultizonesView::changeStatutPAC(S_STATUT_PAC*)	16	static
../TouchGFX/gui/src/multizones_screen/MultizonesView.cpp:380:6:virtual void MultizonesView::changeStatutEther(S_CYC_ETHER_III*)	16	static
../TouchGFX/gui/src/multizones_screen/MultizonesView.cpp:390:6:virtual void MultizonesView::changeErreur(uint16_t)	16	static
../TouchGFX/gui/src/multizones_screen/MultizonesView.cpp:400:6:virtual void MultizonesView::changeDate(S_DATE*)	24	static
