../Middlewares/ST/touchgfx/framework/include/touchgfx/Bitmap.hpp:146:14:touchgfx::BitmapId touchgfx::Bitmap::getId() const	16	static
../Middlewares/ST/touchgfx/framework/include/touchgfx/Drawable.hpp:343:10:void touchgfx::Drawable::setXY(int16_t, int16_t)	16	static
../Middlewares/ST/touchgfx/framework/include/touchgfx/Drawable.hpp:515:10:void touchgfx::Drawable::setVisible(bool)	16	static
../Middlewares/ST/touchgfx/framework/include/touchgfx/Unicode.hpp:404:25:static touchgfx::Unicode::UnicodeChar* touchgfx::Unicode::snprintfFloat(UnicodeChar*, uint16_t, const char*, float)	24	static
../Middlewares/ST/touchgfx/framework/include/touchgfx/Screen.hpp:104:18:virtual void touchgfx::Screen::afterTransition()	16	static
../Middlewares/ST/touchgfx/framework/include/touchgfx/Screen.hpp:115:18:virtual void touchgfx::Screen::tearDownScreen()	16	static
../Middlewares/ST/touchgfx/framework/include/touchgfx/Screen.hpp:144:18:virtual void touchgfx::Screen::handleTickEvent()	16	static
../Middlewares/ST/touchgfx/framework/include/touchgfx/Screen.hpp:154:18:virtual void touchgfx::Screen::handleKeyEvent(uint8_t)	16	static
../Middlewares/ST/touchgfx/framework/include/touchgfx/TypedText.hpp:59:5:touchgfx::TypedText::TypedText(touchgfx::TypedTextId)	16	static
../Middlewares/ST/touchgfx/framework/include/touchgfx/TypedText.hpp:65:13:touchgfx::TypedText::~TypedText()	16	static
../Middlewares/ST/touchgfx/framework/include/touchgfx/TypedText.hpp:65:13:virtual touchgfx::TypedText::~TypedText()	16	static
../Middlewares/ST/touchgfx/framework/include/touchgfx/widgets/TextArea.hpp:246:22:const touchgfx::TypedText& touchgfx::TextArea::getTypedText() const	16	static
../Middlewares/ST/touchgfx/framework/include/touchgfx/widgets/TextAreaWithWildcard.hpp:79:10:void touchgfx::TextAreaWithOneWildcard::setWildcard1(const touchgfx::Unicode::UnicodeChar*)	16	static
../Middlewares/ST/touchgfx/framework/include/touchgfx/widgets/TextAreaWithWildcard.hpp:98:10:void touchgfx::TextAreaWithOneWildcard::setWildcard(const touchgfx::Unicode::UnicodeChar*)	16	static
../Middlewares/ST/touchgfx/framework/include/touchgfx/widgets/ToggleButton.hpp:58:10:bool touchgfx::ToggleButton::getState() const	24	static
../TouchGFX/generated/gui_generated/include/gui_generated/installation_appoint_screen/Installation_appointViewBase.hpp:66:26:FrontendApplication& Installation_appointViewBase::application()	16	static
../TouchGFX/gui/include/gui/installation_appoint_screen/Installation_appointView.hpp:11:13:Installation_appointView::~Installation_appointView()	16	static
../TouchGFX/gui/include/gui/installation_appoint_screen/Installation_appointView.hpp:11:13:virtual Installation_appointView::~Installation_appointView()	16	static
../TouchGFX/gui/src/installation_appoint_screen/Installation_appointView.cpp:3:1:Installation_appointView::Installation_appointView()	48	static
../TouchGFX/gui/src/installation_appoint_screen/Installation_appointView.cpp:36:6:virtual void Installation_appointView::setupScreen()	16	static
../TouchGFX/gui/src/installation_appoint_screen/Installation_appointView.cpp:41:6:virtual void Installation_appointView::tearDownScreen()	16	static
../TouchGFX/gui/src/installation_appoint_screen/Installation_appointView.cpp:46:6:virtual void Installation_appointView::bouton_type_appoint_droite()	16	static
../TouchGFX/gui/src/installation_appoint_screen/Installation_appointView.cpp:56:6:virtual void Installation_appointView::bouton_type_appoint_gauche()	16	static
../TouchGFX/gui/src/installation_appoint_screen/Installation_appointView.cpp:74:6:void Installation_appointView::affichage_type_appoint()	72	static
../TouchGFX/gui/src/installation_appoint_screen/Installation_appointView.cpp:117:6:virtual void Installation_appointView::bouton_temp_equilibre_plus()	16	static
../TouchGFX/gui/src/installation_appoint_screen/Installation_appointView.cpp:128:6:virtual void Installation_appointView::bouton_temp_equilibre_moins()	16	static
../TouchGFX/gui/src/installation_appoint_screen/Installation_appointView.cpp:139:6:virtual void Installation_appointView::bouton_appoint_on_off()	40	static
../TouchGFX/gui/src/installation_appoint_screen/Installation_appointView.cpp:149:6:virtual void Installation_appointView::bouton_hysteresis_ext()	16	static
../TouchGFX/gui/src/installation_appoint_screen/Installation_appointView.cpp:156:6:virtual void Installation_appointView::bouton_chaudiere()	56	static
../TouchGFX/gui/src/installation_appoint_screen/Installation_appointView.cpp:171:6:virtual void Installation_appointView::bouton_valider()	16	static
../TouchGFX/gui/src/installation_appoint_screen/Installation_appointView.cpp:193:6:virtual void Installation_appointView::changeStatutPAC(S_STATUT_PAC*)	16	static
../TouchGFX/gui/src/installation_appoint_screen/Installation_appointView.cpp:204:6:virtual void Installation_appointView::changeStatutEther(S_CYC_ETHER_III*)	16	static
../TouchGFX/gui/src/installation_appoint_screen/Installation_appointView.cpp:214:6:virtual void Installation_appointView::changeErreur(uint16_t)	16	static
../TouchGFX/gui/src/installation_appoint_screen/Installation_appointView.cpp:224:6:virtual void Installation_appointView::changeDate(S_DATE*)	24	static
