../Middlewares/ST/touchgfx/framework/include/mvp/Presenter.hpp:37:18:virtual void touchgfx::Presenter::activate()	16	static
../Middlewares/ST/touchgfx/framework/include/mvp/Presenter.hpp:47:18:virtual void touchgfx::Presenter::deactivate()	16	static
../Middlewares/ST/touchgfx/framework/include/mvp/Presenter.hpp:52:13:touchgfx::Presenter::~Presenter()	16	static
../Middlewares/ST/touchgfx/framework/include/mvp/Presenter.hpp:52:13:virtual touchgfx::Presenter::~Presenter()	16	static
../Middlewares/ST/touchgfx/framework/include/mvp/Presenter.hpp:58:5:touchgfx::Presenter::Presenter()	16	static
../TouchGFX/gui/include/gui/model/ModelListener.hpp:9:5:ModelListener::ModelListener()	16	static
../TouchGFX/gui/include/gui/model/ModelListener.hpp:11:13:ModelListener::~ModelListener()	16	static
../TouchGFX/gui/include/gui/model/ModelListener.hpp:11:13:virtual ModelListener::~ModelListener()	16	static
../TouchGFX/gui/include/gui/historiques_fonctionnement_screen/Historiques_fonctionnementPresenter.hpp:28:13:Historiques_fonctionnementPresenter::~Historiques_fonctionnementPresenter()	16	static
../TouchGFX/gui/include/gui/historiques_fonctionnement_screen/Historiques_fonctionnementPresenter.hpp:28:13:virtual Historiques_fonctionnementPresenter::~Historiques_fonctionnementPresenter()	16	static
../TouchGFX/gui/src/historiques_fonctionnement_screen/Historiques_fonctionnementPresenter.cpp:4:1:Historiques_fonctionnementPresenter::Historiques_fonctionnementPresenter(Historiques_fonctionnementView&)	16	static
../TouchGFX/gui/src/historiques_fonctionnement_screen/Historiques_fonctionnementPresenter.cpp:10:6:virtual void Historiques_fonctionnementPresenter::activate()	16	static
../TouchGFX/gui/src/historiques_fonctionnement_screen/Historiques_fonctionnementPresenter.cpp:15:6:virtual void Historiques_fonctionnementPresenter::deactivate()	16	static
