../Middlewares/ST/touchgfx/framework/include/touchgfx/Screen.hpp:104:18:virtual void touchgfx::Screen::afterTransition()	16	static
../Middlewares/ST/touchgfx/framework/include/touchgfx/Screen.hpp:115:18:virtual void touchgfx::Screen::tearDownScreen()	16	static
../Middlewares/ST/touchgfx/framework/include/touchgfx/Screen.hpp:144:18:virtual void touchgfx::Screen::handleTickEvent()	16	static
../Middlewares/ST/touchgfx/framework/include/touchgfx/Screen.hpp:154:18:virtual void touchgfx::Screen::handleKeyEvent(uint8_t)	16	static
../TouchGFX/gui/include/gui/secours_screen/SecoursView.hpp:11:13:SecoursView::~SecoursView()	16	static
../TouchGFX/gui/include/gui/secours_screen/SecoursView.hpp:11:13:virtual SecoursView::~SecoursView()	16	static
../TouchGFX/gui/src/secours_screen/SecoursView.cpp:3:1:SecoursView::SecoursView()	16	static
../TouchGFX/gui/src/secours_screen/SecoursView.cpp:8:6:virtual void SecoursView::setupScreen()	16	static
../TouchGFX/gui/src/secours_screen/SecoursView.cpp:13:6:virtual void SecoursView::tearDownScreen()	16	static
