../Middlewares/ST/touchgfx/framework/include/touchgfx/Font.hpp:169:13:touchgfx::Font::~Font()	16	static
../Middlewares/ST/touchgfx/framework/include/touchgfx/Font.hpp:169:13:virtual touchgfx::Font::~Font()	16	static
../Middlewares/ST/touchgfx/framework/include/touchgfx/ConstFont.hpp:35:7:touchgfx::ConstFont::~ConstFont()	16	static
../Middlewares/ST/touchgfx/framework/include/touchgfx/ConstFont.hpp:35:7:virtual touchgfx::ConstFont::~ConstFont()	16	static
../TouchGFX/generated/fonts/include/fonts/GeneratedFont.hpp:11:7:touchgfx::GeneratedFont::~GeneratedFont()	16	static
../TouchGFX/generated/fonts/include/fonts/GeneratedFont.hpp:11:7:virtual touchgfx::GeneratedFont::~GeneratedFont()	16	static
../TouchGFX/generated/fonts/src/Table_segoeuib_19_8bpp.cpp:276:201:void __tcf_0()	8	static
../TouchGFX/generated/fonts/src/Table_segoeuib_19_8bpp.cpp:274:26:touchgfx::GeneratedFont& getFont_segoeuib_19_8bpp()	64	static
