../Middlewares/ST/touchgfx/framework/include/touchgfx/Screen.hpp:104:18:virtual void touchgfx::Screen::afterTransition()	16	static
../Middlewares/ST/touchgfx/framework/include/touchgfx/Screen.hpp:115:18:virtual void touchgfx::Screen::tearDownScreen()	16	static
../Middlewares/ST/touchgfx/framework/include/touchgfx/Screen.hpp:144:18:virtual void touchgfx::Screen::handleTickEvent()	16	static
../Middlewares/ST/touchgfx/framework/include/touchgfx/Screen.hpp:154:18:virtual void touchgfx::Screen::handleKeyEvent(uint8_t)	16	static
../TouchGFX/gui/include/gui/page_oui_non_screen/Page_oui_nonView.hpp:11:13:Page_oui_nonView::~Page_oui_nonView()	16	static
../TouchGFX/gui/include/gui/page_oui_non_screen/Page_oui_nonView.hpp:11:13:virtual Page_oui_nonView::~Page_oui_nonView()	16	static
../TouchGFX/gui/src/page_oui_non_screen/Page_oui_nonView.cpp:3:1:Page_oui_nonView::Page_oui_nonView()	16	static
../TouchGFX/gui/src/page_oui_non_screen/Page_oui_nonView.cpp:8:6:virtual void Page_oui_nonView::setupScreen()	16	static
../TouchGFX/gui/src/page_oui_non_screen/Page_oui_nonView.cpp:13:6:virtual void Page_oui_nonView::tearDownScreen()	16	static
