../Middlewares/ST/touchgfx/framework/include/touchgfx/Screen.hpp:104:18:virtual void touchgfx::Screen::afterTransition()	16	static
../Middlewares/ST/touchgfx/framework/include/touchgfx/Screen.hpp:115:18:virtual void touchgfx::Screen::tearDownScreen()	16	static
../Middlewares/ST/touchgfx/framework/include/touchgfx/Screen.hpp:144:18:virtual void touchgfx::Screen::handleTickEvent()	16	static
../Middlewares/ST/touchgfx/framework/include/touchgfx/Screen.hpp:154:18:virtual void touchgfx::Screen::handleKeyEvent(uint8_t)	16	static
../TouchGFX/gui/include/gui/installation_circuit_captage_screen/Installation_circuit_captageView.hpp:11:13:Installation_circuit_captageView::~Installation_circuit_captageView()	16	static
../TouchGFX/gui/include/gui/installation_circuit_captage_screen/Installation_circuit_captageView.hpp:11:13:virtual Installation_circuit_captageView::~Installation_circuit_captageView()	16	static
../TouchGFX/gui/src/installation_circuit_captage_screen/Installation_circuit_captageView.cpp:3:1:Installation_circuit_captageView::Installation_circuit_captageView()	16	static
../TouchGFX/gui/src/installation_circuit_captage_screen/Installation_circuit_captageView.cpp:8:6:virtual void Installation_circuit_captageView::setupScreen()	16	static
../TouchGFX/gui/src/installation_circuit_captage_screen/Installation_circuit_captageView.cpp:13:6:virtual void Installation_circuit_captageView::tearDownScreen()	16	static
