../Middlewares/ST/touchgfx/framework/include/mvp/Presenter.hpp:37:18:virtual void touchgfx::Presenter::activate()	16	static
../Middlewares/ST/touchgfx/framework/include/mvp/Presenter.hpp:47:18:virtual void touchgfx::Presenter::deactivate()	16	static
../Middlewares/ST/touchgfx/framework/include/mvp/Presenter.hpp:52:13:touchgfx::Presenter::~Presenter()	16	static
../Middlewares/ST/touchgfx/framework/include/mvp/Presenter.hpp:52:13:virtual touchgfx::Presenter::~Presenter()	16	static
../Middlewares/ST/touchgfx/framework/include/mvp/Presenter.hpp:58:5:touchgfx::Presenter::Presenter()	16	static
../TouchGFX/gui/include/gui/model/ModelListener.hpp:9:5:ModelListener::ModelListener()	16	static
../TouchGFX/gui/include/gui/model/ModelListener.hpp:11:13:ModelListener::~ModelListener()	16	static
../TouchGFX/gui/include/gui/model/ModelListener.hpp:11:13:virtual ModelListener::~ModelListener()	16	static
../TouchGFX/gui/include/gui/installation_circuit_captage_screen/Installation_circuit_captagePresenter.hpp:28:13:Installation_circuit_captagePresenter::~Installation_circuit_captagePresenter()	16	static
../TouchGFX/gui/include/gui/installation_circuit_captage_screen/Installation_circuit_captagePresenter.hpp:28:13:virtual Installation_circuit_captagePresenter::~Installation_circuit_captagePresenter()	16	static
../TouchGFX/gui/src/installation_circuit_captage_screen/Installation_circuit_captagePresenter.cpp:4:1:Installation_circuit_captagePresenter::Installation_circuit_captagePresenter(Installation_circuit_captageView&)	16	static
../TouchGFX/gui/src/installation_circuit_captage_screen/Installation_circuit_captagePresenter.cpp:10:6:virtual void Installation_circuit_captagePresenter::activate()	16	static
../TouchGFX/gui/src/installation_circuit_captage_screen/Installation_circuit_captagePresenter.cpp:15:6:virtual void Installation_circuit_captagePresenter::deactivate()	16	static
