../Middlewares/ST/touchgfx/framework/include/touchgfx/Screen.hpp:104:18:virtual void touchgfx::Screen::afterTransition()	16	static
../Middlewares/ST/touchgfx/framework/include/touchgfx/Screen.hpp:115:18:virtual void touchgfx::Screen::tearDownScreen()	16	static
../Middlewares/ST/touchgfx/framework/include/touchgfx/Screen.hpp:144:18:virtual void touchgfx::Screen::handleTickEvent()	16	static
../Middlewares/ST/touchgfx/framework/include/touchgfx/Screen.hpp:154:18:virtual void touchgfx::Screen::handleKeyEvent(uint8_t)	16	static
../TouchGFX/gui/include/gui/installation_chauffe_dalle_screen/Installation_chauffe_dalleView.hpp:11:13:Installation_chauffe_dalleView::~Installation_chauffe_dalleView()	16	static
../TouchGFX/gui/include/gui/installation_chauffe_dalle_screen/Installation_chauffe_dalleView.hpp:11:13:virtual Installation_chauffe_dalleView::~Installation_chauffe_dalleView()	16	static
../TouchGFX/gui/src/installation_chauffe_dalle_screen/Installation_chauffe_dalleView.cpp:3:1:Installation_chauffe_dalleView::Installation_chauffe_dalleView()	16	static
../TouchGFX/gui/src/installation_chauffe_dalle_screen/Installation_chauffe_dalleView.cpp:8:6:virtual void Installation_chauffe_dalleView::setupScreen()	16	static
../TouchGFX/gui/src/installation_chauffe_dalle_screen/Installation_chauffe_dalleView.cpp:13:6:virtual void Installation_chauffe_dalleView::tearDownScreen()	16	static
