../Middlewares/ST/touchgfx/framework/include/touchgfx/Drawable.hpp:343:10:void touchgfx::Drawable::setXY(int16_t, int16_t)	16	static
../Middlewares/ST/touchgfx/framework/include/touchgfx/Drawable.hpp:515:10:void touchgfx::Drawable::setVisible(bool)	16	static
../Middlewares/ST/touchgfx/framework/include/touchgfx/Screen.hpp:104:18:virtual void touchgfx::Screen::afterTransition()	16	static
../Middlewares/ST/touchgfx/framework/include/touchgfx/Screen.hpp:115:18:virtual void touchgfx::Screen::tearDownScreen()	16	static
../Middlewares/ST/touchgfx/framework/include/touchgfx/Screen.hpp:144:18:virtual void touchgfx::Screen::handleTickEvent()	16	static
../Middlewares/ST/touchgfx/framework/include/touchgfx/Screen.hpp:154:18:virtual void touchgfx::Screen::handleKeyEvent(uint8_t)	16	static
../Middlewares/ST/touchgfx/framework/include/touchgfx/TypedText.hpp:59:5:touchgfx::TypedText::TypedText(touchgfx::TypedTextId)	16	static
../Middlewares/ST/touchgfx/framework/include/touchgfx/TypedText.hpp:65:13:touchgfx::TypedText::~TypedText()	16	static
../Middlewares/ST/touchgfx/framework/include/touchgfx/TypedText.hpp:65:13:virtual touchgfx::TypedText::~TypedText()	16	static
../TouchGFX/generated/gui_generated/include/gui_generated/configuration_screen/ConfigurationViewBase.hpp:44:26:FrontendApplication& ConfigurationViewBase::application()	16	static
../TouchGFX/gui/include/gui/configuration_screen/ConfigurationView.hpp:11:13:ConfigurationView::~ConfigurationView()	16	static
../TouchGFX/gui/include/gui/configuration_screen/ConfigurationView.hpp:11:13:virtual ConfigurationView::~ConfigurationView()	16	static
../TouchGFX/gui/src/configuration_screen/ConfigurationView.cpp:4:1:ConfigurationView::ConfigurationView()	40	static
../TouchGFX/gui/src/configuration_screen/ConfigurationView.cpp:28:6:virtual void ConfigurationView::setupScreen()	16	static
../TouchGFX/gui/src/configuration_screen/ConfigurationView.cpp:33:6:virtual void ConfigurationView::tearDownScreen()	16	static
../TouchGFX/gui/src/configuration_screen/ConfigurationView.cpp:38:6:virtual void ConfigurationView::bouton_maintenance()	16	static
../TouchGFX/gui/src/configuration_screen/ConfigurationView.cpp:44:6:virtual void ConfigurationView::bouton_installation()	16	static
../TouchGFX/gui/src/configuration_screen/ConfigurationView.cpp:50:6:virtual void ConfigurationView::bouton_usine()	16	static
../TouchGFX/gui/src/configuration_screen/ConfigurationView.cpp:56:6:void ConfigurationView::changeConfig(S_CONFIG_IHM*)	24	static
../TouchGFX/gui/src/configuration_screen/ConfigurationView.cpp:104:6:virtual void ConfigurationView::changeStatutPAC(S_STATUT_PAC*)	16	static
../TouchGFX/gui/src/configuration_screen/ConfigurationView.cpp:115:6:virtual void ConfigurationView::changeStatutEther(S_CYC_ETHER_III*)	16	static
../TouchGFX/gui/src/configuration_screen/ConfigurationView.cpp:125:6:virtual void ConfigurationView::changeErreur(uint16_t)	16	static
../TouchGFX/gui/src/configuration_screen/ConfigurationView.cpp:135:6:virtual void ConfigurationView::changeDate(S_DATE*)	24	static
