../Middlewares/ST/touchgfx/framework/include/touchgfx/Drawable.hpp:343:10:void touchgfx::Drawable::setXY(int16_t, int16_t)	16	static
../Middlewares/ST/touchgfx/framework/include/touchgfx/Screen.hpp:104:18:virtual void touchgfx::Screen::afterTransition()	16	static
../Middlewares/ST/touchgfx/framework/include/touchgfx/Screen.hpp:115:18:virtual void touchgfx::Screen::tearDownScreen()	16	static
../Middlewares/ST/touchgfx/framework/include/touchgfx/Screen.hpp:144:18:virtual void touchgfx::Screen::handleTickEvent()	16	static
../Middlewares/ST/touchgfx/framework/include/touchgfx/Screen.hpp:154:18:virtual void touchgfx::Screen::handleKeyEvent(uint8_t)	16	static
../Middlewares/ST/touchgfx/framework/include/touchgfx/TypedText.hpp:59:5:touchgfx::TypedText::TypedText(touchgfx::TypedTextId)	16	static
../Middlewares/ST/touchgfx/framework/include/touchgfx/TypedText.hpp:65:13:touchgfx::TypedText::~TypedText()	16	static
../Middlewares/ST/touchgfx/framework/include/touchgfx/TypedText.hpp:65:13:virtual touchgfx::TypedText::~TypedText()	16	static
../TouchGFX/gui/include/gui/parametres_screen/ParametresView.hpp:11:13:ParametresView::~ParametresView()	16	static
../TouchGFX/gui/include/gui/parametres_screen/ParametresView.hpp:11:13:virtual ParametresView::~ParametresView()	16	static
../TouchGFX/gui/src/parametres_screen/ParametresView.cpp:4:1:ParametresView::ParametresView()	40	static
../TouchGFX/gui/src/parametres_screen/ParametresView.cpp:20:6:virtual void ParametresView::setupScreen()	16	static
../TouchGFX/gui/src/parametres_screen/ParametresView.cpp:26:6:virtual void ParametresView::tearDownScreen()	16	static
../TouchGFX/gui/src/parametres_screen/ParametresView.cpp:31:6:virtual void ParametresView::changeStatutPAC(S_STATUT_PAC*)	16	static
../TouchGFX/gui/src/parametres_screen/ParametresView.cpp:42:6:virtual void ParametresView::changeStatutEther(S_CYC_ETHER_III*)	16	static
../TouchGFX/gui/src/parametres_screen/ParametresView.cpp:52:6:virtual void ParametresView::changeErreur(uint16_t)	16	static
../TouchGFX/gui/src/parametres_screen/ParametresView.cpp:62:6:virtual void ParametresView::changeDate(S_DATE*)	24	static
