../Middlewares/ST/touchgfx/framework/include/touchgfx/Bitmap.hpp:136:5:touchgfx::Bitmap::Bitmap(touchgfx::BitmapId)	16	static
../Middlewares/ST/touchgfx/framework/include/touchgfx/Bitmap.hpp:146:14:touchgfx::BitmapId touchgfx::Bitmap::getId() const	16	static
../Middlewares/ST/touchgfx/framework/include/touchgfx/Drawable.hpp:343:10:void touchgfx::Drawable::setXY(int16_t, int16_t)	16	static
../Middlewares/ST/touchgfx/framework/include/touchgfx/Screen.hpp:104:18:virtual void touchgfx::Screen::afterTransition()	16	static
../Middlewares/ST/touchgfx/framework/include/touchgfx/Screen.hpp:115:18:virtual void touchgfx::Screen::tearDownScreen()	16	static
../Middlewares/ST/touchgfx/framework/include/touchgfx/Screen.hpp:144:18:virtual void touchgfx::Screen::handleTickEvent()	16	static
../Middlewares/ST/touchgfx/framework/include/touchgfx/Screen.hpp:154:18:virtual void touchgfx::Screen::handleKeyEvent(uint8_t)	16	static
../Middlewares/ST/touchgfx/framework/include/touchgfx/TypedText.hpp:59:5:touchgfx::TypedText::TypedText(touchgfx::TypedTextId)	16	static
../Middlewares/ST/touchgfx/framework/include/touchgfx/TypedText.hpp:65:13:touchgfx::TypedText::~TypedText()	16	static
../Middlewares/ST/touchgfx/framework/include/touchgfx/TypedText.hpp:65:13:virtual touchgfx::TypedText::~TypedText()	16	static
../Middlewares/ST/touchgfx/framework/include/touchgfx/widgets/TextAreaWithWildcard.hpp:79:10:void touchgfx::TextAreaWithOneWildcard::setWildcard1(const touchgfx::Unicode::UnicodeChar*)	16	static
../Middlewares/ST/touchgfx/framework/include/touchgfx/widgets/TextAreaWithWildcard.hpp:98:10:void touchgfx::TextAreaWithOneWildcard::setWildcard(const touchgfx::Unicode::UnicodeChar*)	16	static
../Middlewares/ST/touchgfx/framework/include/touchgfx/widgets/ToggleButton.hpp:58:10:bool touchgfx::ToggleButton::getState() const	24	static
../TouchGFX/generated/gui_generated/include/gui_generated/installation_hydraulique_sonde_modbus_screen/Installation_hydraulique_sonde_modbusViewBase.hpp:63:26:FrontendApplication& Installation_hydraulique_sonde_modbusViewBase::application()	16	static
../TouchGFX/gui/include/gui/installation_hydraulique_sonde_modbus_screen/Installation_hydraulique_sonde_modbusView.hpp:11:13:Installation_hydraulique_sonde_modbusView::~Installation_hydraulique_sonde_modbusView()	16	static
../TouchGFX/gui/include/gui/installation_hydraulique_sonde_modbus_screen/Installation_hydraulique_sonde_modbusView.hpp:11:13:virtual Installation_hydraulique_sonde_modbusView::~Installation_hydraulique_sonde_modbusView()	16	static
../TouchGFX/gui/src/installation_hydraulique_sonde_modbus_screen/Installation_hydraulique_sonde_modbusView.cpp:4:1:Installation_hydraulique_sonde_modbusView::Installation_hydraulique_sonde_modbusView()	64	static
../TouchGFX/gui/src/installation_hydraulique_sonde_modbus_screen/Installation_hydraulique_sonde_modbusView.cpp:45:6:virtual void Installation_hydraulique_sonde_modbusView::setupScreen()	16	static
../TouchGFX/gui/src/installation_hydraulique_sonde_modbus_screen/Installation_hydraulique_sonde_modbusView.cpp:50:6:virtual void Installation_hydraulique_sonde_modbusView::tearDownScreen()	16	static
../TouchGFX/gui/src/installation_hydraulique_sonde_modbus_screen/Installation_hydraulique_sonde_modbusView.cpp:55:6:virtual void Installation_hydraulique_sonde_modbusView::bouton_moins_numero_sonde()	16	static
../TouchGFX/gui/src/installation_hydraulique_sonde_modbus_screen/Installation_hydraulique_sonde_modbusView.cpp:68:6:virtual void Installation_hydraulique_sonde_modbusView::bouton_plus_numero_sonde()	16	static
../TouchGFX/gui/src/installation_hydraulique_sonde_modbus_screen/Installation_hydraulique_sonde_modbusView.cpp:81:6:void Installation_hydraulique_sonde_modbusView::bouton_retour()	16	static
../TouchGFX/gui/src/installation_hydraulique_sonde_modbus_screen/Installation_hydraulique_sonde_modbusView.cpp:92:6:virtual void Installation_hydraulique_sonde_modbusView::bouton_verrouillage_consigne()	40	static
../TouchGFX/gui/src/installation_hydraulique_sonde_modbus_screen/Installation_hydraulique_sonde_modbusView.cpp:102:6:virtual void Installation_hydraulique_sonde_modbusView::bouton_arret_defaut()	40	static
../TouchGFX/gui/src/installation_hydraulique_sonde_modbus_screen/Installation_hydraulique_sonde_modbusView.cpp:112:6:virtual void Installation_hydraulique_sonde_modbusView::bouton_hysteresis()	16	static
../TouchGFX/gui/src/installation_hydraulique_sonde_modbus_screen/Installation_hydraulique_sonde_modbusView.cpp:131:6:virtual void Installation_hydraulique_sonde_modbusView::bouton_resistance_terminaison()	16	static
../TouchGFX/gui/src/installation_hydraulique_sonde_modbus_screen/Installation_hydraulique_sonde_modbusView.cpp:150:6:virtual void Installation_hydraulique_sonde_modbusView::bouton_valider()	16	static
../TouchGFX/gui/src/installation_hydraulique_sonde_modbus_screen/Installation_hydraulique_sonde_modbusView.cpp:175:6:virtual void Installation_hydraulique_sonde_modbusView::changeStatutPAC(S_STATUT_PAC*)	16	static
../TouchGFX/gui/src/installation_hydraulique_sonde_modbus_screen/Installation_hydraulique_sonde_modbusView.cpp:186:6:virtual void Installation_hydraulique_sonde_modbusView::changeStatutEther(S_CYC_ETHER_III*)	16	static
../TouchGFX/gui/src/installation_hydraulique_sonde_modbus_screen/Installation_hydraulique_sonde_modbusView.cpp:196:6:virtual void Installation_hydraulique_sonde_modbusView::changeErreur(uint16_t)	16	static
../TouchGFX/gui/src/installation_hydraulique_sonde_modbus_screen/Installation_hydraulique_sonde_modbusView.cpp:206:6:virtual void Installation_hydraulique_sonde_modbusView::changeDate(S_DATE*)	24	static
