../Middlewares/ST/touchgfx/framework/include/touchgfx/Bitmap.hpp:136:5:touchgfx::Bitmap::Bitmap(touchgfx::BitmapId)	16	static
../Middlewares/ST/touchgfx/framework/include/touchgfx/Drawable.hpp:343:10:void touchgfx::Drawable::setXY(int16_t, int16_t)	16	static
../Middlewares/ST/touchgfx/framework/include/touchgfx/Drawable.hpp:515:10:void touchgfx::Drawable::setVisible(bool)	16	static
../Middlewares/ST/touchgfx/framework/include/touchgfx/Screen.hpp:104:18:virtual void touchgfx::Screen::afterTransition()	16	static
../Middlewares/ST/touchgfx/framework/include/touchgfx/Screen.hpp:115:18:virtual void touchgfx::Screen::tearDownScreen()	16	static
../Middlewares/ST/touchgfx/framework/include/touchgfx/Screen.hpp:144:18:virtual void touchgfx::Screen::handleTickEvent()	16	static
../Middlewares/ST/touchgfx/framework/include/touchgfx/Screen.hpp:154:18:virtual void touchgfx::Screen::handleKeyEvent(uint8_t)	16	static
../Middlewares/ST/touchgfx/framework/include/touchgfx/TypedText.hpp:59:5:touchgfx::TypedText::TypedText(touchgfx::TypedTextId)	16	static
../Middlewares/ST/touchgfx/framework/include/touchgfx/TypedText.hpp:65:13:touchgfx::TypedText::~TypedText()	16	static
../Middlewares/ST/touchgfx/framework/include/touchgfx/TypedText.hpp:65:13:virtual touchgfx::TypedText::~TypedText()	16	static
../TouchGFX/generated/gui_generated/include/gui_generated/installation_hydraulique_config_zone_screen/Installation_hydraulique_config_zoneViewBase.hpp:53:26:FrontendApplication& Installation_hydraulique_config_zoneViewBase::application()	16	static
../TouchGFX/gui/include/gui/installation_hydraulique_config_zone_screen/Installation_hydraulique_config_zoneView.hpp:11:13:Installation_hydraulique_config_zoneView::~Installation_hydraulique_config_zoneView()	16	static
../TouchGFX/gui/include/gui/installation_hydraulique_config_zone_screen/Installation_hydraulique_config_zoneView.hpp:11:13:virtual Installation_hydraulique_config_zoneView::~Installation_hydraulique_config_zoneView()	16	static
../TouchGFX/gui/src/installation_hydraulique_config_zone_screen/Installation_hydraulique_config_zoneView.cpp:4:1:Installation_hydraulique_config_zoneView::Installation_hydraulique_config_zoneView()	40	static
../TouchGFX/gui/src/installation_hydraulique_config_zone_screen/Installation_hydraulique_config_zoneView.cpp:44:6:virtual void Installation_hydraulique_config_zoneView::setupScreen()	16	static
../TouchGFX/gui/src/installation_hydraulique_config_zone_screen/Installation_hydraulique_config_zoneView.cpp:49:6:virtual void Installation_hydraulique_config_zoneView::tearDownScreen()	16	static
../TouchGFX/gui/src/installation_hydraulique_config_zone_screen/Installation_hydraulique_config_zoneView.cpp:54:6:virtual void Installation_hydraulique_config_zoneView::bouton_droite_type_emetteur()	24	static
../TouchGFX/gui/src/installation_hydraulique_config_zone_screen/Installation_hydraulique_config_zoneView.cpp:77:6:virtual void Installation_hydraulique_config_zoneView::bouton_gauche_type_emetteur()	24	static
../TouchGFX/gui/src/installation_hydraulique_config_zone_screen/Installation_hydraulique_config_zoneView.cpp:101:6:void Installation_hydraulique_config_zoneView::affichage_type_emetteur()	48	static
../TouchGFX/gui/src/installation_hydraulique_config_zone_screen/Installation_hydraulique_config_zoneView.cpp:119:6:virtual void Installation_hydraulique_config_zoneView::bouton_droite_type_sonde()	16	static
../TouchGFX/gui/src/installation_hydraulique_config_zone_screen/Installation_hydraulique_config_zoneView.cpp:128:6:virtual void Installation_hydraulique_config_zoneView::bouton_gauche_type_sonde()	16	static
../TouchGFX/gui/src/installation_hydraulique_config_zone_screen/Installation_hydraulique_config_zoneView.cpp:138:6:void Installation_hydraulique_config_zoneView::affichage_type_sonde()	48	static
../TouchGFX/gui/src/installation_hydraulique_config_zone_screen/Installation_hydraulique_config_zoneView.cpp:162:6:virtual void Installation_hydraulique_config_zoneView::bouton_valider()	24	static
../TouchGFX/gui/src/installation_hydraulique_config_zone_screen/Installation_hydraulique_config_zoneView.cpp:169:6:virtual void Installation_hydraulique_config_zoneView::changeStatutRF(S_STATUT_RF*)	48	static
../TouchGFX/gui/src/installation_hydraulique_config_zone_screen/Installation_hydraulique_config_zoneView.cpp:189:6:virtual void Installation_hydraulique_config_zoneView::changeStatutPAC(S_STATUT_PAC*)	16	static
../TouchGFX/gui/src/installation_hydraulique_config_zone_screen/Installation_hydraulique_config_zoneView.cpp:200:6:virtual void Installation_hydraulique_config_zoneView::changeStatutEther(S_CYC_ETHER_III*)	16	static
../TouchGFX/gui/src/installation_hydraulique_config_zone_screen/Installation_hydraulique_config_zoneView.cpp:210:6:virtual void Installation_hydraulique_config_zoneView::changeErreur(uint16_t)	16	static
../TouchGFX/gui/src/installation_hydraulique_config_zone_screen/Installation_hydraulique_config_zoneView.cpp:220:6:virtual void Installation_hydraulique_config_zoneView::changeDate(S_DATE*)	24	static
