../Middlewares/ST/touchgfx/framework/include/mvp/Presenter.hpp:37:18:virtual void touchgfx::Presenter::activate()	16	static
../Middlewares/ST/touchgfx/framework/include/mvp/Presenter.hpp:47:18:virtual void touchgfx::Presenter::deactivate()	16	static
../Middlewares/ST/touchgfx/framework/include/mvp/Presenter.hpp:52:13:touchgfx::Presenter::~Presenter()	16	static
../Middlewares/ST/touchgfx/framework/include/mvp/Presenter.hpp:52:13:virtual touchgfx::Presenter::~Presenter()	16	static
../Middlewares/ST/touchgfx/framework/include/mvp/Presenter.hpp:58:5:touchgfx::Presenter::Presenter()	16	static
../TouchGFX/gui/include/gui/model/ModelListener.hpp:9:5:ModelListener::ModelListener()	16	static
../TouchGFX/gui/include/gui/model/ModelListener.hpp:11:13:ModelListener::~ModelListener()	16	static
../TouchGFX/gui/include/gui/model/ModelListener.hpp:11:13:virtual ModelListener::~ModelListener()	16	static
../TouchGFX/gui/include/gui/model/ModelListener.hpp:18:18:virtual void ModelListener::enterVeille()	16	static
../TouchGFX/gui/include/gui/model/ModelListener.hpp:19:18:virtual void ModelListener::exitVeille()	16	static
../TouchGFX/gui/include/gui/model/ModelListener.hpp:20:18:virtual void ModelListener::changeModePac(bool)	16	static
../TouchGFX/gui/include/gui/model/ModelListener.hpp:21:18:virtual void ModelListener::changeDate(S_DATE*)	16	static
../TouchGFX/gui/include/gui/model/ModelListener.hpp:22:18:virtual void ModelListener::changeErreur(uint16_t)	16	static
../TouchGFX/gui/include/gui/model/ModelListener.hpp:23:18:virtual void ModelListener::changeStatutPrimaire(S_STATUT_PRIMAIRE*)	16	static
../TouchGFX/gui/include/gui/model/ModelListener.hpp:24:18:virtual void ModelListener::changeStatutZx(uint8_t, S_STATUT_ZX*)	24	static
../TouchGFX/gui/include/gui/model/ModelListener.hpp:25:18:virtual void ModelListener::changeStatutPAC(S_STATUT_PAC*)	16	static
../TouchGFX/gui/include/gui/model/ModelListener.hpp:26:18:virtual void ModelListener::changeStatutECS(S_STATUT_ECS*)	16	static
../TouchGFX/gui/include/gui/model/ModelListener.hpp:27:18:virtual void ModelListener::changeStatutPiscine(S_STATUT_PISCINE*)	16	static
../TouchGFX/gui/include/gui/model/ModelListener.hpp:28:18:virtual void ModelListener::changeStatutEther(S_CYC_ETHER_III*)	16	static
../TouchGFX/gui/include/gui/model/ModelListener.hpp:29:18:virtual void ModelListener::changeStatutCyclFrigo(S_CYCL_REG_FRI*)	16	static
../TouchGFX/gui/include/gui/model/ModelListener.hpp:30:18:virtual void ModelListener::changeStatutRegulExt(S_STATUT_REG_EXT*)	16	static
../TouchGFX/gui/include/gui/model/ModelListener.hpp:31:18:virtual void ModelListener::changeConfig(S_CONFIG_IHM*)	16	static
../TouchGFX/gui/include/gui/model/ModelListener.hpp:32:18:virtual void ModelListener::changeDemandeFrigo(S_DEMANDE_FRIGO*)	16	static
../TouchGFX/gui/include/gui/model/ModelListener.hpp:33:18:virtual void ModelListener::changeStatutRF(S_STATUT_RF*)	16	static
../TouchGFX/gui/include/gui/model/ModelListener.hpp:34:18:virtual void ModelListener::changeStatutRegulEsclave(S_STATUT_REGUL_ESCLAVE*)	16	static
../TouchGFX/gui/include/gui/infos_systeme_screen/Infos_systemePresenter.hpp:28:13:Infos_systemePresenter::~Infos_systemePresenter()	16	static
../TouchGFX/gui/include/gui/infos_systeme_screen/Infos_systemePresenter.hpp:28:13:virtual Infos_systemePresenter::~Infos_systemePresenter()	16	static
../TouchGFX/gui/src/infos_systeme_screen/Infos_systemePresenter.cpp:4:1:Infos_systemePresenter::Infos_systemePresenter(Infos_systemeView&)	16	static
../TouchGFX/gui/src/infos_systeme_screen/Infos_systemePresenter.cpp:10:6:virtual void Infos_systemePresenter::activate()	16	static
../TouchGFX/gui/src/infos_systeme_screen/Infos_systemePresenter.cpp:15:6:virtual void Infos_systemePresenter::deactivate()	16	static
../TouchGFX/gui/src/infos_systeme_screen/Infos_systemePresenter.cpp:20:6:virtual void Infos_systemePresenter::changeConfig(S_CONFIG_IHM*)	16	static
../TouchGFX/gui/src/infos_systeme_screen/Infos_systemePresenter.cpp:25:6:virtual void Infos_systemePresenter::changeStatutEther(S_CYC_ETHER_III*)	16	static
../TouchGFX/gui/src/infos_systeme_screen/Infos_systemePresenter.cpp:30:6:virtual void Infos_systemePresenter::changeStatutPAC(S_STATUT_PAC*)	16	static
../TouchGFX/gui/src/infos_systeme_screen/Infos_systemePresenter.cpp:35:6:virtual void Infos_systemePresenter::changeDate(S_DATE*)	16	static
../TouchGFX/gui/src/infos_systeme_screen/Infos_systemePresenter.cpp:40:6:virtual void Infos_systemePresenter::changeErreur(uint16_t)	16	static
